2026-04-29 22:46:26.246 xcodebuild[21849:6566436]  DVTFilePathFSEvents: Failed to start fs event stream.
2026-04-29 22:46:26.350 xcodebuild[21849:6566433] [MT] DVTDeveloperPaths: Failed to get length of DARWIN_USER_CACHE_DIR from confstr(3), error = Error Domain=NSPOSIXErrorDomain Code=5 "Input/output error". Using NSCachesDirectory instead.
2026-04-29 22:46:26.584 xcodebuild[21849:6566437] CoreSimulatorService connection became invalid.  Simulator services will no longer be available.
2026-04-29 22:46:26.584 xcodebuild[21849:6566493] Logging connecton invalid: <OS_xpc_error: <dictionary: 0x1f39540e0> { count = 1, transaction: 0, voucher = 0x0, contents =
	"XPCErrorDescription" => <string: 0x1f3954220> { string cache = 0x0, length = 18, contents = "Connection invalid" }
}>
2026-04-29 22:46:26.584 xcodebuild[21849:6566493] Error opening log file (/Users/maeldupin/Library/Logs/CoreSimulator/CoreSimulator.com.apple.dt.xcodebuild.log): Operation not permitted
[-[SimServiceContext sendRequest:]:1751] ERROR : Unable to deliver request ({
    "developer_dir" = "/Applications/Xcode.app/Contents/Developer";
    request = "set_developer_dir";
}) because we are not connected to CoreSimulatorService.
Command line invocation:
    /Applications/Xcode.app/Contents/Developer/usr/bin/xcodebuild -project Chooser.xcodeproj -scheme Chooser -configuration Debug -destination "generic/platform=iOS Simulator" -derivedDataPath ./DerivedData build

2026-04-29 22:46:26.626 xcodebuild[21849:6566433] [MT] DVTAssertions: Warning in DVTFrameworks/DVTFoundation/FileTypes/DVTFileDataTypeDetection.m:80
Details:  detectedTypeIdentifier (com.apple.xml-property-list) does not conform to matchedTypeIdentifier in MagicFileDataTypeDetector extenson com.apple.property-list. When both are specified, this conformance is required unless overridden by setting allowNonInheritance. extension.identifier:Xcode.MagicFileDataTypeDetector.XMLPlist
Object:   <DVTFileDataTypeDetectionMagicCache: 0x8369688a0>
Method:   -initWithExtension:
Thread:   <_NSMainThread: 0x1016e1c10>{number = 1, name = main}
Please file a bug at https://feedbackassistant.apple.com with this warning message and any useful information you can provide.
2026-04-29 22:46:26.627 xcodebuild[21849:6566433] [MT] DVTAssertions: Warning in DVTFrameworks/DVTFoundation/FileTypes/DVTFileDataTypeDetection.m:80
Details:  detectedTypeIdentifier (com.apple.binary-property-list) does not conform to matchedTypeIdentifier in MagicFileDataTypeDetector extenson com.apple.property-list. When both are specified, this conformance is required unless overridden by setting allowNonInheritance. extension.identifier:Xcode.MagicFileDataTypeDetector.BinaryPlist
Object:   <DVTFileDataTypeDetectionMagicCache: 0x836969350>
Method:   -initWithExtension:
Thread:   <_NSMainThread: 0x1016e1c10>{number = 1, name = main}
Please file a bug at https://feedbackassistant.apple.com with this warning message and any useful information you can provide.
[-[SimServiceContext initWithDeveloperDir:connectionType:error:]:432] WARN  : Unable to discover any Simulator runtimes. Developer Directory is /Applications/Xcode.app/Contents/Developer.
[-[SimDiskImageManager init]:175] ERROR : Could not kickstart simdiskimaged; SimDiskImageManager services will not be available: Error Domain=NSPOSIXErrorDomain Code=53 "Software caused connection abort" UserInfo={NSLocalizedDescription=Error returned in reply from CoreSimulatorService: Connection invalid}
[-[SimDiskImageManager _onQueue_checkConnection:]:239] ERROR : simdiskimaged returned error (invalid), marking disconnected.
[-[SimDiskImageManager _onQueue_checkConnection:]:239] ERROR : simdiskimaged returned error (invalid), marking disconnected.
[-[SimServiceContext initWithDeveloperDir:connectionType:error:]_block_invoke:468] ERROR : Could not get list of trusted mount directories: Error Domain=com.apple.CoreSimulator.SimError Code=410 "The service used to manage runtime disk images (simdiskimaged) crashed or is not responding" UserInfo={NSLocalizedDescription=The service used to manage runtime disk images (simdiskimaged) crashed or is not responding}
[-[SimServiceContext sendRequest:reply:error:]:1771] ERROR : Unable to deliver request ({
    request = "notification_subscription";
    "set_path" = "/Users/maeldupin/Library/Developer/CoreSimulator/Devices";
}) because we are not connected to CoreSimulatorService.
2026-04-29 22:46:26.632 xcodebuild[21849:6566493] Error Domain=NSPOSIXErrorDomain Code=61 "Connection refused" UserInfo={NSLocalizedDescription=CoreSimulatorService connection became invalid.  Simulator services will no longer be available.}
[-[SimServiceContext sendRequest:reply:error:]:1771] ERROR : Unable to deliver request ({
    request = "notification_subscription";
    "set_path" = "/Users/maeldupin/Library/Developer/CoreSimulator/Devices";
}) because we are not connected to CoreSimulatorService.
2026-04-29 22:46:26.633 xcodebuild[21849:6566493]  iOSSimulator: [SimServiceContext defaultDeviceSetWithError:] returned nil (Error Domain=NSPOSIXErrorDomain Code=61 "Connection refused" UserInfo={NSLocalizedFailureReason=Failed to subscribe to notifications from CoreSimulatorService., NSLocalizedDescription=Failed to initialize simulator device set., NSUnderlyingError=0x836940750 {Error Domain=NSPOSIXErrorDomain Code=61 "Connection refused" UserInfo={NSLocalizedDescription=CoreSimulatorService connection became invalid.  Simulator services will no longer be available.}}}). Simulator device support disabled.
2026-04-29 22:46:26.633 xcodebuild[21849:6566436] Error Domain=NSPOSIXErrorDomain Code=61 "Connection refused" UserInfo={NSLocalizedDescription=CoreSimulatorService connection became invalid.  Simulator services will no longer be available.}
2026-04-29 22:46:26.633 xcodebuild[21849:6566436]  IDESimulatorAvailability: startObservingSimulatorUpdates() FAILED to register SimDeviceSet observer
2026-04-29 22:46:26.729 xcodebuild[21849:6566433] [MT] IDERunDestination: Supported platforms for the buildables in the current scheme is empty.
ComputePackagePrebuildTargetDependencyGraph

Prepare packages

CreateBuildRequest

SendProjectDescription

CreateBuildOperation

ComputeTargetDependencyGraph
note: Building targets in dependency order
note: Target dependency graph (1 target)
    Target 'Chooser' in project 'Chooser' (no dependencies)

GatherProvisioningInputs

CreateBuildDescription

ExecuteExternalTool /Applications/Xcode.app/Contents/Developer/Toolchains/XcodeDefault.xctoolchain/usr/bin/clang -v -E -dM -isysroot /Applications/Xcode.app/Contents/Developer/Platforms/iPhoneSimulator.platform/Developer/SDKs/iPhoneSimulator26.4.sdk -x c -c /dev/null

ExecuteExternalTool /Applications/Xcode.app/Contents/Developer/usr/bin/actool --print-asset-tag-combinations --output-format xml1 /Users/maeldupin/Desktop/Chooser/Chooser/Assets.xcassets

ExecuteExternalTool /Applications/Xcode.app/Contents/Developer/usr/bin/actool --version --output-format xml1

ExecuteExternalTool /Applications/Xcode.app/Contents/Developer/Toolchains/XcodeDefault.xctoolchain/usr/bin/swiftc --version

ExecuteExternalTool /Applications/Xcode.app/Contents/Developer/Toolchains/XcodeDefault.xctoolchain/usr/bin/ld -version_details

Build description signature: 3a181417defea5d955340b52abd00867
Build description path: /Users/maeldupin/Desktop/Chooser/DerivedData/Build/Intermediates.noindex/XCBuildData/3a181417defea5d955340b52abd00867.xcbuilddata
ClangStatCache /Applications/Xcode.app/Contents/Developer/Toolchains/XcodeDefault.xctoolchain/usr/bin/clang-stat-cache /Applications/Xcode.app/Contents/Developer/Platforms/iPhoneSimulator.platform/Developer/SDKs/iPhoneSimulator26.4.sdk /Users/maeldupin/Desktop/Chooser/DerivedData/SDKStatCaches.noindex/iphonesimulator26.4-23E237-686eebb5dc1d8ecb277353a59184f4aa.sdkstatcache
    cd /Users/maeldupin/Desktop/Chooser/Chooser.xcodeproj
    /Applications/Xcode.app/Contents/Developer/Toolchains/XcodeDefault.xctoolchain/usr/bin/clang-stat-cache /Applications/Xcode.app/Contents/Developer/Platforms/iPhoneSimulator.platform/Developer/SDKs/iPhoneSimulator26.4.sdk -o /Users/maeldupin/Desktop/Chooser/DerivedData/SDKStatCaches.noindex/iphonesimulator26.4-23E237-686eebb5dc1d8ecb277353a59184f4aa.sdkstatcache
Failed to create FS event stream. Considering the cache up-to-date.

CompileAssetCatalogVariant thinned /Users/maeldupin/Desktop/Chooser/DerivedData/Build/Products/Debug-iphonesimulator/Chooser.app /Users/maeldupin/Desktop/Chooser/Chooser/Assets.xcassets (in target 'Chooser' from project 'Chooser')
    cd /Users/maeldupin/Desktop/Chooser
    /Applications/Xcode.app/Contents/Developer/usr/bin/actool /Users/maeldupin/Desktop/Chooser/Chooser/Assets.xcassets --compile /Users/maeldupin/Desktop/Chooser/DerivedData/Build/Intermediates.noindex/Chooser.build/Debug-iphonesimulator/Chooser.build/assetcatalog_output/thinned --output-format human-readable-text --notices --warnings --export-dependency-info /Users/maeldupin/Desktop/Chooser/DerivedData/Build/Intermediates.noindex/Chooser.build/Debug-iphonesimulator/Chooser.build/assetcatalog_dependencies_thinned --output-partial-info-plist /Users/maeldupin/Desktop/Chooser/DerivedData/Build/Intermediates.noindex/Chooser.build/Debug-iphonesimulator/Chooser.build/assetcatalog_generated_info.plist_thinned --app-icon AppIcon --accent-color AccentColor --compress-pngs --enable-on-demand-resources YES --development-region en --target-device iphone --minimum-deployment-target 18.0 --platform iphonesimulator
2026-04-29 22:46:29.753 ibtoold[21893:6566775] CoreSimulatorService connection became invalid.  Simulator services will no longer be available.
2026-04-29 22:46:29.753 ibtoold[21893:6567082] Logging connecton invalid: <OS_xpc_error: <dictionary: 0x1f39540e0> { count = 1, transaction: 0, voucher = 0x0, contents =
	"XPCErrorDescription" => <string: 0x1f3954220> { string cache = 0x0, length = 18, contents = "Connection invalid" }
}>
2026-04-29 22:46:29.754 ibtoold[21893:6566775] Error opening log file (/Users/maeldupin/Library/Logs/CoreSimulator/CoreSimulator.com.apple.ibtool.log): Operation not permitted
[-[SimServiceContext sendRequest:]:1751] ERROR : Unable to deliver request ({
    "developer_dir" = "/Applications/Xcode.app/Contents/Developer";
    request = "set_developer_dir";
}) because we are not connected to CoreSimulatorService.
[-[SimServiceContext initWithDeveloperDir:connectionType:error:]:432] WARN  : Unable to discover any Simulator runtimes. Developer Directory is /Applications/Xcode.app/Contents/Developer.
[-[SimDiskImageManager init]:175] ERROR : Could not kickstart simdiskimaged; SimDiskImageManager services will not be available: Error Domain=NSPOSIXErrorDomain Code=53 "Software caused connection abort" UserInfo={NSLocalizedDescription=Error returned in reply from CoreSimulatorService: Connection invalid}
[-[SimDiskImageManager _onQueue_checkConnection:]:219] ERROR : simdiskimaged connection is currently unavailable because connection became invalid
[-[SimDiskImageManager _onQueue_checkConnection:]:219] ERROR : simdiskimaged connection is currently unavailable because connection became invalid
[-[SimServiceContext initWithDeveloperDir:connectionType:error:]_block_invoke:468] ERROR : Could not get list of trusted mount directories: Error Domain=com.apple.CoreSimulator.SimError Code=409 "Cannot talk to the service used to manage runtime disk images (simdiskimaged) because its launchd job is not registered or was unloaded" UserInfo={NSLocalizedDescription=Cannot talk to the service used to manage runtime disk images (simdiskimaged) because its launchd job is not registered or was unloaded}
2026-04-29 22:46:29.879 ibtoold[21893:6566774] Error Domain=NSPOSIXErrorDomain Code=61 "Connection refused" UserInfo={NSLocalizedDescription=CoreSimulatorService connection became invalid.  Simulator services will no longer be available.}
[-[SimServiceContext sendRequest:reply:error:]:1771] ERROR : Unable to deliver request ({
    request = "notification_subscription";
    "set_path" = "/Users/maeldupin/Library/Developer/CoreSimulator/Devices";
}) because we are not connected to CoreSimulatorService.
[-[SimServiceContext sendRequest:]:1751] ERROR : Unable to deliver request ({
    "developer_dir" = "/Applications/Xcode.app/Contents/Developer";
    request = "set_developer_dir";
}) because we are not connected to CoreSimulatorService.
2026-04-29 22:46:30.033 ibtoold[21893:6567083] CoreSimulatorService connection became invalid.  Simulator services will no longer be available.
[-[SimServiceContext initWithDeveloperDir:connectionType:error:]:432] WARN  : Unable to discover any Simulator runtimes. Developer Directory is /Applications/Xcode.app/Contents/Developer.
[-[SimServiceContext initWithDeveloperDir:connectionType:error:]_block_invoke:468] ERROR : Could not get list of trusted mount directories: Error Domain=com.apple.CoreSimulator.SimError Code=409 "Cannot talk to the service used to manage runtime disk images (simdiskimaged) because its launchd job is not registered or was unloaded" UserInfo={NSLocalizedDescription=Cannot talk to the service used to manage runtime disk images (simdiskimaged) because its launchd job is not registered or was unloaded}
[-[SimDiskImageManager _onQueue_checkConnection:]:219] ERROR : simdiskimaged connection is currently unavailable because connection became invalid
[-[SimServiceContext sendRequest:]:1751] ERROR : Unable to deliver request ({
    path = "/Applications/Xcode.app/Contents/PlugIns/IDEInterfaceBuilderiOSIntegration.framework/Resources";
    request = "add_profiles";
}) because we are not connected to CoreSimulatorService.
[-[SimServiceContext sendRequest:]:1751] ERROR : Unable to deliver request ({
    path = "/Applications/Xcode.app/Contents/Developer/Platforms/AppleTVSimulator.platform/Developer/Library/Xcode/PrivatePlugIns/IDEInterfaceBuilderAppleTVIntegration.framework/Resources";
    request = "add_profiles";
}) because we are not connected to CoreSimulatorService.
/* com.apple.actool.errors */
/Users/maeldupin/Desktop/Chooser/Chooser/Assets.xcassets: error: No available simulator runtimes for platform iphonesimulator. SimServiceContext supportedRuntimes=[]
/* com.apple.actool.compilation-results */
/Users/maeldupin/Desktop/Chooser/DerivedData/Build/Intermediates.noindex/Chooser.build/Debug-iphonesimulator/Chooser.build/assetcatalog_generated_info.plist_thinned
/Users/maeldupin/Desktop/Chooser/DerivedData/Build/Intermediates.noindex/Chooser.build/Debug-iphonesimulator/Chooser.build/assetcatalog_output/thinned/AppIcon60x60@2x.png
/Users/maeldupin/Desktop/Chooser/DerivedData/Build/Intermediates.noindex/Chooser.build/Debug-iphonesimulator/Chooser.build/assetcatalog_output/thinned/AppIcon76x76@2x~ipad.png


SwiftDriver Chooser normal arm64 com.apple.xcode.tools.swift.compiler (in target 'Chooser' from project 'Chooser')
    cd /Users/maeldupin/Desktop/Chooser
    builtin-SwiftDriver -- /Applications/Xcode.app/Contents/Developer/Toolchains/XcodeDefault.xctoolchain/usr/bin/swiftc -module-name Chooser -Onone @/Users/maeldupin/Desktop/Chooser/DerivedData/Build/Intermediates.noindex/Chooser.build/Debug-iphonesimulator/Chooser.build/Objects-normal/arm64/Chooser.SwiftFileList -DDEBUG -default-isolation\=MainActor -enable-bare-slash-regex -enable-upcoming-feature DisableOutwardActorInference -enable-upcoming-feature InferSendableFromCaptures -enable-upcoming-feature GlobalActorIsolatedTypesUsability -enable-upcoming-feature MemberImportVisibility -enable-upcoming-feature InferIsolatedConformances -enable-upcoming-feature NonisolatedNonsendingByDefault -enable-experimental-feature DebugDescriptionMacro -sdk /Applications/Xcode.app/Contents/Developer/Platforms/iPhoneSimulator.platform/Developer/SDKs/iPhoneSimulator26.4.sdk -target arm64-apple-ios18.0-simulator -g -module-cache-path /Users/maeldupin/Desktop/Chooser/DerivedData/ModuleCache.noindex -Xfrontend -serialize-debugging-options -profile-coverage-mapping -profile-generate -enable-testing -index-store-path /Users/maeldupin/Desktop/Chooser/DerivedData/Index.noindex/DataStore -Xcc -D_LIBCPP_HARDENING_MODE\=_LIBCPP_HARDENING_MODE_DEBUG -swift-version 5 -I /Users/maeldupin/Desktop/Chooser/DerivedData/Build/Products/Debug-iphonesimulator -F /Users/maeldupin/Desktop/Chooser/DerivedData/Build/Products/Debug-iphonesimulator -emit-localized-strings -emit-localized-strings-path /Users/maeldupin/Desktop/Chooser/DerivedData/Build/Intermediates.noindex/Chooser.build/Debug-iphonesimulator/Chooser.build/Objects-normal/arm64 -c -j10 -enable-batch-mode -incremental -Xcc -ivfsstatcache -Xcc /Users/maeldupin/Desktop/Chooser/DerivedData/SDKStatCaches.noindex/iphonesimulator26.4-23E237-686eebb5dc1d8ecb277353a59184f4aa.sdkstatcache -output-file-map /Users/maeldupin/Desktop/Chooser/DerivedData/Build/Intermediates.noindex/Chooser.build/Debug-iphonesimulator/Chooser.build/Objects-normal/arm64/Chooser-OutputFileMap.json -use-frontend-parseable-output -save-temps -no-color-diagnostics -explicit-module-build -module-cache-path /Users/maeldupin/Desktop/Chooser/DerivedData/Build/Intermediates.noindex/SwiftExplicitPrecompiledModules -clang-scanner-module-cache-path /Users/maeldupin/Desktop/Chooser/DerivedData/ModuleCache.noindex -sdk-module-cache-path /Users/maeldupin/Desktop/Chooser/DerivedData/ModuleCache.noindex -serialize-diagnostics -emit-dependencies -emit-module -emit-module-path /Users/maeldupin/Desktop/Chooser/DerivedData/Build/Intermediates.noindex/Chooser.build/Debug-iphonesimulator/Chooser.build/Objects-normal/arm64/Chooser.swiftmodule -validate-clang-modules-once -clang-build-session-file /Users/maeldupin/Desktop/Chooser/DerivedData/ModuleCache.noindex/Session.modulevalidation -Xcc -I/Users/maeldupin/Desktop/Chooser/DerivedData/Build/Intermediates.noindex/Chooser.build/Debug-iphonesimulator/Chooser.build/swift-overrides.hmap -emit-const-values -Xfrontend -const-gather-protocols-file -Xfrontend /Users/maeldupin/Desktop/Chooser/DerivedData/Build/Intermediates.noindex/Chooser.build/Debug-iphonesimulator/Chooser.build/Objects-normal/arm64/Chooser_const_extract_protocols.json -Xcc -iquote -Xcc /Users/maeldupin/Desktop/Chooser/DerivedData/Build/Intermediates.noindex/Chooser.build/Debug-iphonesimulator/Chooser.build/Chooser-generated-files.hmap -Xcc -I/Users/maeldupin/Desktop/Chooser/DerivedData/Build/Intermediates.noindex/Chooser.build/Debug-iphonesimulator/Chooser.build/Chooser-own-target-headers.hmap -Xcc -I/Users/maeldupin/Desktop/Chooser/DerivedData/Build/Intermediates.noindex/Chooser.build/Debug-iphonesimulator/Chooser.build/Chooser-all-target-headers.hmap -Xcc -iquote -Xcc /Users/maeldupin/Desktop/Chooser/DerivedData/Build/Intermediates.noindex/Chooser.build/Debug-iphonesimulator/Chooser.build/Chooser-project-headers.hmap -Xcc -I/Users/maeldupin/Desktop/Chooser/DerivedData/Build/Products/Debug-iphonesimulator/include -Xcc -I/Users/maeldupin/Desktop/Chooser/DerivedData/Build/Intermediates.noindex/Chooser.build/Debug-iphonesimulator/Chooser.build/DerivedSources-normal/arm64 -Xcc -I/Users/maeldupin/Desktop/Chooser/DerivedData/Build/Intermediates.noindex/Chooser.build/Debug-iphonesimulator/Chooser.build/DerivedSources/arm64 -Xcc -I/Users/maeldupin/Desktop/Chooser/DerivedData/Build/Intermediates.noindex/Chooser.build/Debug-iphonesimulator/Chooser.build/DerivedSources -Xcc -DDEBUG\=1 -emit-objc-header -emit-objc-header-path /Users/maeldupin/Desktop/Chooser/DerivedData/Build/Intermediates.noindex/Chooser.build/Debug-iphonesimulator/Chooser.build/Objects-normal/arm64/Chooser-Swift.h -working-directory /Users/maeldupin/Desktop/Chooser -experimental-emit-module-separately -disable-cmo

SwiftDriver Chooser normal x86_64 com.apple.xcode.tools.swift.compiler (in target 'Chooser' from project 'Chooser')
    cd /Users/maeldupin/Desktop/Chooser
    builtin-SwiftDriver -- /Applications/Xcode.app/Contents/Developer/Toolchains/XcodeDefault.xctoolchain/usr/bin/swiftc -module-name Chooser -Onone @/Users/maeldupin/Desktop/Chooser/DerivedData/Build/Intermediates.noindex/Chooser.build/Debug-iphonesimulator/Chooser.build/Objects-normal/x86_64/Chooser.SwiftFileList -DDEBUG -default-isolation\=MainActor -enable-bare-slash-regex -enable-upcoming-feature DisableOutwardActorInference -enable-upcoming-feature InferSendableFromCaptures -enable-upcoming-feature GlobalActorIsolatedTypesUsability -enable-upcoming-feature MemberImportVisibility -enable-upcoming-feature InferIsolatedConformances -enable-upcoming-feature NonisolatedNonsendingByDefault -enable-experimental-feature DebugDescriptionMacro -sdk /Applications/Xcode.app/Contents/Developer/Platforms/iPhoneSimulator.platform/Developer/SDKs/iPhoneSimulator26.4.sdk -target x86_64-apple-ios18.0-simulator -g -module-cache-path /Users/maeldupin/Desktop/Chooser/DerivedData/ModuleCache.noindex -Xfrontend -serialize-debugging-options -profile-coverage-mapping -profile-generate -enable-testing -index-store-path /Users/maeldupin/Desktop/Chooser/DerivedData/Index.noindex/DataStore -Xcc -D_LIBCPP_HARDENING_MODE\=_LIBCPP_HARDENING_MODE_DEBUG -swift-version 5 -I /Users/maeldupin/Desktop/Chooser/DerivedData/Build/Products/Debug-iphonesimulator -F /Users/maeldupin/Desktop/Chooser/DerivedData/Build/Products/Debug-iphonesimulator -emit-localized-strings -emit-localized-strings-path /Users/maeldupin/Desktop/Chooser/DerivedData/Build/Intermediates.noindex/Chooser.build/Debug-iphonesimulator/Chooser.build/Objects-normal/x86_64 -c -j10 -enable-batch-mode -incremental -Xcc -ivfsstatcache -Xcc /Users/maeldupin/Desktop/Chooser/DerivedData/SDKStatCaches.noindex/iphonesimulator26.4-23E237-686eebb5dc1d8ecb277353a59184f4aa.sdkstatcache -output-file-map /Users/maeldupin/Desktop/Chooser/DerivedData/Build/Intermediates.noindex/Chooser.build/Debug-iphonesimulator/Chooser.build/Objects-normal/x86_64/Chooser-OutputFileMap.json -use-frontend-parseable-output -save-temps -no-color-diagnostics -explicit-module-build -module-cache-path /Users/maeldupin/Desktop/Chooser/DerivedData/Build/Intermediates.noindex/SwiftExplicitPrecompiledModules -clang-scanner-module-cache-path /Users/maeldupin/Desktop/Chooser/DerivedData/ModuleCache.noindex -sdk-module-cache-path /Users/maeldupin/Desktop/Chooser/DerivedData/ModuleCache.noindex -serialize-diagnostics -emit-dependencies -emit-module -emit-module-path /Users/maeldupin/Desktop/Chooser/DerivedData/Build/Intermediates.noindex/Chooser.build/Debug-iphonesimulator/Chooser.build/Objects-normal/x86_64/Chooser.swiftmodule -validate-clang-modules-once -clang-build-session-file /Users/maeldupin/Desktop/Chooser/DerivedData/ModuleCache.noindex/Session.modulevalidation -Xcc -I/Users/maeldupin/Desktop/Chooser/DerivedData/Build/Intermediates.noindex/Chooser.build/Debug-iphonesimulator/Chooser.build/swift-overrides.hmap -emit-const-values -Xfrontend -const-gather-protocols-file -Xfrontend /Users/maeldupin/Desktop/Chooser/DerivedData/Build/Intermediates.noindex/Chooser.build/Debug-iphonesimulator/Chooser.build/Objects-normal/x86_64/Chooser_const_extract_protocols.json -Xcc -iquote -Xcc /Users/maeldupin/Desktop/Chooser/DerivedData/Build/Intermediates.noindex/Chooser.build/Debug-iphonesimulator/Chooser.build/Chooser-generated-files.hmap -Xcc -I/Users/maeldupin/Desktop/Chooser/DerivedData/Build/Intermediates.noindex/Chooser.build/Debug-iphonesimulator/Chooser.build/Chooser-own-target-headers.hmap -Xcc -I/Users/maeldupin/Desktop/Chooser/DerivedData/Build/Intermediates.noindex/Chooser.build/Debug-iphonesimulator/Chooser.build/Chooser-all-target-headers.hmap -Xcc -iquote -Xcc /Users/maeldupin/Desktop/Chooser/DerivedData/Build/Intermediates.noindex/Chooser.build/Debug-iphonesimulator/Chooser.build/Chooser-project-headers.hmap -Xcc -I/Users/maeldupin/Desktop/Chooser/DerivedData/Build/Products/Debug-iphonesimulator/include -Xcc -I/Users/maeldupin/Desktop/Chooser/DerivedData/Build/Intermediates.noindex/Chooser.build/Debug-iphonesimulator/Chooser.build/DerivedSources-normal/x86_64 -Xcc -I/Users/maeldupin/Desktop/Chooser/DerivedData/Build/Intermediates.noindex/Chooser.build/Debug-iphonesimulator/Chooser.build/DerivedSources/x86_64 -Xcc -I/Users/maeldupin/Desktop/Chooser/DerivedData/Build/Intermediates.noindex/Chooser.build/Debug-iphonesimulator/Chooser.build/DerivedSources -Xcc -DDEBUG\=1 -emit-objc-header -emit-objc-header-path /Users/maeldupin/Desktop/Chooser/DerivedData/Build/Intermediates.noindex/Chooser.build/Debug-iphonesimulator/Chooser.build/Objects-normal/x86_64/Chooser-Swift.h -working-directory /Users/maeldupin/Desktop/Chooser -experimental-emit-module-separately -disable-cmo

SwiftExplicitDependencyGeneratePcm arm64 /Users/maeldupin/Desktop/Chooser/DerivedData/ModuleCache.noindex/Security-2FZMK1WXTOIOEBU75XE3AHYBC.pcm

SwiftExplicitDependencyGeneratePcm arm64 /Users/maeldupin/Desktop/Chooser/DerivedData/ModuleCache.noindex/CoreGraphics-9IP26J95EYXCRX9UD840URN97.pcm

SwiftExplicitDependencyGeneratePcm x86_64 /Users/maeldupin/Desktop/Chooser/DerivedData/ModuleCache.noindex/Foundation-BD66OLLGQ6W8X52UEQ9LOCOON.pcm

SwiftExplicitDependencyGeneratePcm x86_64 /Users/maeldupin/Desktop/Chooser/DerivedData/ModuleCache.noindex/Spatial-53F9KAE9RE701OUA2GW1GEUK1.pcm

SwiftExplicitDependencyGeneratePcm x86_64 /Users/maeldupin/Desktop/Chooser/DerivedData/ModuleCache.noindex/ImageIO-BLVSQHRH0ZN6O2GVZQ9JI3WWF.pcm

SwiftExplicitDependencyGeneratePcm x86_64 /Users/maeldupin/Desktop/Chooser/DerivedData/ModuleCache.noindex/CoreText-7FBAADENUUVQ0544R1GGDCYJU.pcm

SwiftExplicitDependencyGeneratePcm arm64 /Users/maeldupin/Desktop/Chooser/DerivedData/ModuleCache.noindex/Foundation-C97E6JM7T11FMD9Z4BRKY97IE.pcm

SwiftExplicitDependencyGeneratePcm arm64 /Users/maeldupin/Desktop/Chooser/DerivedData/ModuleCache.noindex/ImageIO-E4Y9F6OXI5VV9EI720QSXH7X1.pcm

SwiftExplicitDependencyGeneratePcm arm64 /Users/maeldupin/Desktop/Chooser/DerivedData/ModuleCache.noindex/CoreText-6U4C93OLYEYUG5H399NTI1JC5.pcm

SwiftExplicitDependencyGeneratePcm x86_64 /Users/maeldupin/Desktop/Chooser/DerivedData/ModuleCache.noindex/OSLog-ENTAZO02FQG6C629GQVALJKRZ.pcm

SwiftExplicitDependencyGeneratePcm x86_64 /Users/maeldupin/Desktop/Chooser/DerivedData/ModuleCache.noindex/CoreData-9AJUTPB3E947YPXLLRPEL77TT.pcm

SwiftExplicitDependencyGeneratePcm x86_64 /Users/maeldupin/Desktop/Chooser/DerivedData/ModuleCache.noindex/UserNotifications-6W2S815MDRYZW94O5CCGW5EBN.pcm

SwiftExplicitDependencyGeneratePcm x86_64 /Users/maeldupin/Desktop/Chooser/DerivedData/ModuleCache.noindex/DataDetection-1A6OLEDGX0D9XML4GL12BPF1V.pcm

SwiftExplicitDependencyGeneratePcm x86_64 /Users/maeldupin/Desktop/Chooser/DerivedData/ModuleCache.noindex/OpenGLES-1A8ZV96QZMA692W7D38ZIFKLT.pcm

SwiftExplicitDependencyGeneratePcm x86_64 /Users/maeldupin/Desktop/Chooser/DerivedData/ModuleCache.noindex/Accessibility-5EISB9X90B431S66IDCAFYMNI.pcm

SwiftExplicitDependencyGeneratePcm x86_64 /Users/maeldupin/Desktop/Chooser/DerivedData/ModuleCache.noindex/FileProvider-V8Y161W3RRRI8EJYPN7MI6M2.pcm

SwiftExplicitDependencyGeneratePcm x86_64 /Users/maeldupin/Desktop/Chooser/DerivedData/ModuleCache.noindex/CoreTransferable-8D6EKVK6SHH4IKPH6V0RZUDE4.pcm

SwiftExplicitDependencyGeneratePcm x86_64 /Users/maeldupin/Desktop/Chooser/DerivedData/ModuleCache.noindex/Symbols-E9J0BQKS7GXB1U7IY1FLIYUF8.pcm

SwiftExplicitDependencyGeneratePcm x86_64 /Users/maeldupin/Desktop/Chooser/DerivedData/ModuleCache.noindex/IOSurface-BYTX8S6M8JL43O0AYNTON4WYL.pcm

SwiftExplicitDependencyGeneratePcm x86_64 /Users/maeldupin/Desktop/Chooser/DerivedData/ModuleCache.noindex/UniformTypeIdentifiers-89HG9RE2KYWCP34NK3GWGLCQY.pcm

SwiftExplicitDependencyGeneratePcm x86_64 /Users/maeldupin/Desktop/Chooser/DerivedData/ModuleCache.noindex/UIUtilities-ERU0TSKDIY0F3TOG9N7CRMQQJ.pcm

SwiftExplicitDependencyGeneratePcm arm64 /Users/maeldupin/Desktop/Chooser/DerivedData/ModuleCache.noindex/UIUtilities-A98LFX47RHFQKZK1XZAP1KZAB.pcm

SwiftExplicitDependencyGeneratePcm arm64 /Users/maeldupin/Desktop/Chooser/DerivedData/ModuleCache.noindex/DataDetection-5B7CG2D1RPKV93A7RTCKGO91I.pcm

SwiftExplicitDependencyGeneratePcm arm64 /Users/maeldupin/Desktop/Chooser/DerivedData/ModuleCache.noindex/CoreData-CWN8WAZGZS07OFRQ2L2KUA2JE.pcm

SwiftExplicitDependencyGeneratePcm arm64 /Users/maeldupin/Desktop/Chooser/DerivedData/ModuleCache.noindex/FileProvider-D2KM9ICS1XRY6QCEE46BQ4P3Q.pcm

SwiftExplicitDependencyGeneratePcm arm64 /Users/maeldupin/Desktop/Chooser/DerivedData/ModuleCache.noindex/Accessibility-A5Z7GSOOJSVV1D3T93ARJFELN.pcm

SwiftExplicitDependencyGeneratePcm arm64 /Users/maeldupin/Desktop/Chooser/DerivedData/ModuleCache.noindex/OpenGLES-A82WLE4NADQIRQITI8AP2G62H.pcm

SwiftExplicitDependencyGeneratePcm arm64 /Users/maeldupin/Desktop/Chooser/DerivedData/ModuleCache.noindex/OSLog-ZJ14KIXLI6ALUV60ZZ10ACM2.pcm

SwiftExplicitDependencyGeneratePcm arm64 /Users/maeldupin/Desktop/Chooser/DerivedData/ModuleCache.noindex/IOSurface-6E90EG44E3YKE7GJ8XKEEJTVJ.pcm

SwiftExplicitDependencyGeneratePcm arm64 /Users/maeldupin/Desktop/Chooser/DerivedData/ModuleCache.noindex/Symbols-44R4UIF8VOWUQD6HTDYOA4WA5.pcm

SwiftExplicitDependencyGeneratePcm x86_64 /Users/maeldupin/Desktop/Chooser/DerivedData/ModuleCache.noindex/Metal-35FYFL6E20VN5Y1XY191S2W48.pcm

SwiftExplicitDependencyGeneratePcm arm64 /Users/maeldupin/Desktop/Chooser/DerivedData/ModuleCache.noindex/UniformTypeIdentifiers-AX7S9DUDNQLSY44OFX968MTSO.pcm

SwiftExplicitDependencyGeneratePcm arm64 /Users/maeldupin/Desktop/Chooser/DerivedData/ModuleCache.noindex/CoreTransferable-750B067VL1V0WI49NH1LXIQKN.pcm

SwiftExplicitDependencyGeneratePcm arm64 /Users/maeldupin/Desktop/Chooser/DerivedData/ModuleCache.noindex/UserNotifications-BGM2Y06X8C8D8T2TUA360FY3U.pcm

SwiftExplicitDependencyGeneratePcm arm64 /Users/maeldupin/Desktop/Chooser/DerivedData/ModuleCache.noindex/Metal-B1FR3Y0UROYJU0BCAFC703FXZ.pcm

SwiftExplicitDependencyGeneratePcm x86_64 /Users/maeldupin/Desktop/Chooser/DerivedData/ModuleCache.noindex/CoreVideo-CLLJ49JU9WA4JP84CGWLMXW4T.pcm

SwiftExplicitDependencyGeneratePcm arm64 /Users/maeldupin/Desktop/Chooser/DerivedData/ModuleCache.noindex/CoreVideo-1WNA2FZ75ZHCKT3PUNIGUS3NT.pcm

SwiftExplicitDependencyGeneratePcm x86_64 /Users/maeldupin/Desktop/Chooser/DerivedData/ModuleCache.noindex/QuartzCore-58MR4Q3EHPFCM121XWFRMMQU7.pcm

SwiftExplicitDependencyGeneratePcm x86_64 /Users/maeldupin/Desktop/Chooser/DerivedData/ModuleCache.noindex/CoreImage-3GQ6OGTS81OW76RQ60K8CDSZO.pcm

SwiftExplicitDependencyGeneratePcm arm64 /Users/maeldupin/Desktop/Chooser/DerivedData/ModuleCache.noindex/CoreImage-DHJAZ1ECOYSHO946G6OIWW5CO.pcm

SwiftExplicitDependencyGeneratePcm arm64 /Users/maeldupin/Desktop/Chooser/DerivedData/ModuleCache.noindex/QuartzCore-577UEEU5T5D3IUQUGI322OOX6.pcm

SwiftExplicitDependencyGeneratePcm x86_64 /Users/maeldupin/Desktop/Chooser/DerivedData/ModuleCache.noindex/SwiftUICore-EWNA0VLE7S1J00GM78E2IUF44.pcm

SwiftExplicitDependencyGeneratePcm x86_64 /Users/maeldupin/Desktop/Chooser/DerivedData/ModuleCache.noindex/UIKit-9YQJ6H7DZU44IGVENZBR4IJS5.pcm

SwiftExplicitDependencyGeneratePcm arm64 /Users/maeldupin/Desktop/Chooser/DerivedData/ModuleCache.noindex/SwiftUICore-7HBGCK3YN0ZCOPHTCQW422MI2.pcm

SwiftExplicitDependencyGeneratePcm arm64 /Users/maeldupin/Desktop/Chooser/DerivedData/ModuleCache.noindex/UIKit-3NKQYCIB67NX13LW9XLL2D5MM.pcm

** BUILD FAILED **


The following build commands failed:
	CompileAssetCatalogVariant thinned /Users/maeldupin/Desktop/Chooser/DerivedData/Build/Products/Debug-iphonesimulator/Chooser.app /Users/maeldupin/Desktop/Chooser/Chooser/Assets.xcassets (in target 'Chooser' from project 'Chooser')
	Building project Chooser with scheme Chooser and configuration Debug
(2 failures)
